// Jest Snapshot v1, https://goo.gl/fbAQLP

exports[`test2 1`] = `[MockFunction add42]`;
